I tensorflow/stream_executor/dso_loader.cc:105] successfully opened CUDA library libcublas.so locally
I tensorflow/stream_executor/dso_loader.cc:105] successfully opened CUDA library libcudnn.so locally
I tensorflow/stream_executor/dso_loader.cc:105] successfully opened CUDA library libcufft.so locally
I tensorflow/stream_executor/dso_loader.cc:105] successfully opened CUDA library libcuda.so.1 locally
I tensorflow/stream_executor/dso_loader.cc:105] successfully opened CUDA library libcurand.so locally
I tensorflow/core/common_runtime/gpu/gpu_init.cc:102] Found device 0 with properties: 
name: Tesla K40m
major: 3 minor: 5 memoryClockRate (GHz) 0.745
pciBusID 0000:02:00.0
Total memory: 11.25GiB
Free memory: 11.12GiB
I tensorflow/core/common_runtime/gpu/gpu_init.cc:102] Found device 1 with properties: 
name: Tesla K40m
major: 3 minor: 5 memoryClockRate (GHz) 0.745
pciBusID 0000:03:00.0
Total memory: 11.25GiB
Free memory: 8.22GiB
I tensorflow/core/common_runtime/gpu/gpu_init.cc:102] Found device 2 with properties: 
name: Tesla K40m
major: 3 minor: 5 memoryClockRate (GHz) 0.745
pciBusID 0000:82:00.0
Total memory: 11.25GiB
Free memory: 11.12GiB
I tensorflow/core/common_runtime/gpu/gpu_init.cc:102] Found device 3 with properties: 
name: Tesla K40m
major: 3 minor: 5 memoryClockRate (GHz) 0.745
pciBusID 0000:83:00.0
Total memory: 11.25GiB
Free memory: 8.22GiB
I tensorflow/core/common_runtime/gpu/gpu_init.cc:59] cannot enable peer access from device ordinal 0 to device ordinal 2
I tensorflow/core/common_runtime/gpu/gpu_init.cc:59] cannot enable peer access from device ordinal 0 to device ordinal 3
I tensorflow/core/common_runtime/gpu/gpu_init.cc:59] cannot enable peer access from device ordinal 1 to device ordinal 2
I tensorflow/core/common_runtime/gpu/gpu_init.cc:59] cannot enable peer access from device ordinal 1 to device ordinal 3
I tensorflow/core/common_runtime/gpu/gpu_init.cc:59] cannot enable peer access from device ordinal 2 to device ordinal 0
I tensorflow/core/common_runtime/gpu/gpu_init.cc:59] cannot enable peer access from device ordinal 2 to device ordinal 1
I tensorflow/core/common_runtime/gpu/gpu_init.cc:59] cannot enable peer access from device ordinal 3 to device ordinal 0
I tensorflow/core/common_runtime/gpu/gpu_init.cc:59] cannot enable peer access from device ordinal 3 to device ordinal 1
I tensorflow/core/common_runtime/gpu/gpu_init.cc:126] DMA: 0 1 2 3 
I tensorflow/core/common_runtime/gpu/gpu_init.cc:136] 0:   Y Y N N 
I tensorflow/core/common_runtime/gpu/gpu_init.cc:136] 1:   Y Y N N 
I tensorflow/core/common_runtime/gpu/gpu_init.cc:136] 2:   N N Y Y 
I tensorflow/core/common_runtime/gpu/gpu_init.cc:136] 3:   N N Y Y 
I tensorflow/core/common_runtime/gpu/gpu_device.cc:755] Creating TensorFlow device (/gpu:0) -> (device: 0, name: Tesla K40m, pci bus id: 0000:02:00.0)
I tensorflow/core/common_runtime/gpu/gpu_device.cc:755] Creating TensorFlow device (/gpu:1) -> (device: 1, name: Tesla K40m, pci bus id: 0000:03:00.0)
I tensorflow/core/common_runtime/gpu/gpu_device.cc:755] Creating TensorFlow device (/gpu:2) -> (device: 2, name: Tesla K40m, pci bus id: 0000:82:00.0)
I tensorflow/core/common_runtime/gpu/gpu_device.cc:755] Creating TensorFlow device (/gpu:3) -> (device: 3, name: Tesla K40m, pci bus id: 0000:83:00.0)
subject*00989*has*no*fbs*
subject*00989*has*no*fbs*
subject*00989*has*no*fbs*
subject*00989*has*no*fbs*
subject*00989*has*no*fbs*
subject*00989*has*no*fbs*
subject*00989*has*no*fbs*
subject*00989*has*no*fbs*
subject*00989*has*no*fbs*
subject*00989*has*no*fbs*
subject*00989*has*no*fbs*
subject*00989*has*no*fbs*
subject*00989*has*no*fbs*
subject*00989*has*no*fbs*
subject*00989*has*no*fbs*
subject*00989*has*no*fbs*
subject*00989*has*no*fbs*
subject*00989*has*no*fbs*
subject*00989*has*no*fbs*
subject*00989*has*no*fbs*
subject*00989*has*no*fbs*
subject*00989*has*no*fbs*
subject*00989*has*no*fbs*
subject*00989*has*no*fbs*
subject*00989*has*no*fbs*
subject*00989*has*no*fbs*
subject*00989*has*no*fbs*
subject*00989*has*no*fbs*
subject*00989*has*no*fbs*
subject*00989*has*no*fbs*
subject*00989*has*no*fbs*
subject*00989*has*no*fbs*
subject*00989*has*no*fbs*
subject*00989*has*no*fbs*
subject*00989*has*no*fbs*
subject*00989*has*no*fbs*
